A51 MACRO ASSEMBLER  PWM_1                                                                11/26/2023 14:29:02 PAGE     1


MACRO ASSEMBLER A51 V8.01
OBJECT MODULE PLACED IN pwm_1.OBJ
ASSEMBLER INVOKED BY: D:\Keil_c51\C51\BIN\A51.EXE pwm_1.ASM SET(SMALL) DEBUG EP

LOC  OBJ            LINE     SOURCE

0000                   1             ORG 0000H
0000 020100            2             LJMP MAIN
                       3     
                       4     
                       5     
                       6     
                       7     
0100                   8             ORG 0100H
0100                   9     MAIN:
0100 758911           10             MOV TMOD,#11H ;T1-mode1, T0-mode1
0103 D290             11             SETB P1.0
0105 78F1             12             MOV R0,#0F1H   ;R0,R1 保存高电平维持时间
0107 7999             13             MOV R1,#99H
0109 7AC6             14             MOV R2,#0C6H   ;R2,R3 保存低电平维持时间
010B 7B66             15             MOV R3,#66H
010D 888C             16             MOV TH0,R0              ;T0赋初值
010F 898A             17             MOV TL0,R1
0111 8A8D             18             MOV TH1,R2              ;T1赋初值
0113 8B8B             19             MOV TL1,R3
0115 D2AF             20             SETB EA                 ;CPU 开放中断
0117 D288             21             SETB IT0                ;边沿触发
0119 D28A             22             SETB IT1
011B D2A8             23             SETB EX0                ;允许外部中断
011D D2AA             24             SETB EX1
011F                  25     SWITCH:
011F 209731           26             JB P1.7,DUTY20
0122 309723           27             JNB P1.7,DUTY40
0125                  28     TIME0:
0125 888C             29             MOV TH0,R0               ;赋pwm波的高电平初值
0127 898A             30             MOV TL0,R1      
0129 D28C             31             SETB TR0                 ;开启定时器0
012B                  32     CHECK:
012B 108D03           33             JBC TF0,OVERFLOW0  ;检查定时是否满高电平时间
012E 02012B           34             LJMP CHECK
0131                  35     OVERFLOW0:
0131 C290             36             CLR P1.0                        ;开始低电平时间
0133 C28C             37             CLR TR0                         ;关闭定时器0
0135                  38     TIME1:
0135 8A8D             39             MOV TH1,R2               ;赋pwm波的低电平初值
0137 8B8B             40             MOV TL1,R3
0139 D28E             41             SETB TR1                 ;开启定时器1
013B                  42     CHECK1:
013B 108F03           43             JBC TF1,OVERFLOW1  ;检查定时是否满低电平时间
013E 02013B           44             LJMP CHECK1
0141                  45     OVERFLOW1:
0141 D290             46             SETB P1.0                 ;开始高电平时间
0143 C28E             47             CLR TR1                   ;关闭定时器1
0145 02011F           48             LJMP SWITCH
                      49     
0148                  50     DUTY40:
0148 78E3             51             MOV R0,#0E3H   ;R0,R1 保存高电平维持时间
014A 7933             52             MOV R1,#33H
014C 7AD4             53             MOV R2,#0D4H   ;R2,R3 保存低电平维持时间
014E 7BCC             54             MOV R3,#0CCH 
0150 020125           55             LJMP TIME0
0153                  56     DUTY20:
0153 78F1             57             MOV R0,#0F1H   ;R0,R1 保存高电平维持时间
0155 7999             58             MOV R1,#99H
A51 MACRO ASSEMBLER  PWM_1                                                                11/26/2023 14:29:02 PAGE     2

0157 7AC6             59             MOV R2,#0C6H   ;R2,R3 保存低电平维持时间
0159 7B66             60             MOV R3,#66H
015B 020125           61             LJMP TIME0
                      62     
                      63     
                      64     
                      65     
                      66     
                      67     
                      68     
                      69     
                      70     
                      71     
                      72     
                      73     
                      74     
                      75     
                      76     
                      77     
                      78     
                      79     
                      80     
                      81     
                      82     
                      83     
                      84     
                      85     
                      86     
                      87     
                      88     
                      89     
                      90     
                      91     
                      92     
                      93     
                      94     
                      95     
                      96     
                      97     
                      98     
                      99     
                     100     
                     101     
                     102     
                     103     
                     104     
                     105     
                     106     
                     107     
                     108     
                     109     
                     110     
                     111     
                     112     
                     113     
                     114     
                     115     
                     116     
                     117     
                     118     
                     119     
                     120     
                     121     
                     122     
                     123     
                     124     
A51 MACRO ASSEMBLER  PWM_1                                                                11/26/2023 14:29:02 PAGE     3

                     125     
                     126     
                     127     
                     128     
                     129     
                     130     
                     131     
                     132             END
A51 MACRO ASSEMBLER  PWM_1                                                                11/26/2023 14:29:02 PAGE     4

SYMBOL TABLE LISTING
------ ----- -------


N A M E             T Y P E  V A L U E   ATTRIBUTES

CHECK. . . . . . .  C ADDR   012BH   A   
CHECK1 . . . . . .  C ADDR   013BH   A   
DUTY20 . . . . . .  C ADDR   0153H   A   
DUTY40 . . . . . .  C ADDR   0148H   A   
EA . . . . . . . .  B ADDR   00A8H.7 A   
EX0. . . . . . . .  B ADDR   00A8H.0 A   
EX1. . . . . . . .  B ADDR   00A8H.2 A   
IT0. . . . . . . .  B ADDR   0088H.0 A   
IT1. . . . . . . .  B ADDR   0088H.2 A   
MAIN . . . . . . .  C ADDR   0100H   A   
OVERFLOW0. . . . .  C ADDR   0131H   A   
OVERFLOW1. . . . .  C ADDR   0141H   A   
P1 . . . . . . . .  D ADDR   0090H   A   
SWITCH . . . . . .  C ADDR   011FH   A   
TF0. . . . . . . .  B ADDR   0088H.5 A   
TF1. . . . . . . .  B ADDR   0088H.7 A   
TH0. . . . . . . .  D ADDR   008CH   A   
TH1. . . . . . . .  D ADDR   008DH   A   
TIME0. . . . . . .  C ADDR   0125H   A   
TIME1. . . . . . .  C ADDR   0135H   A   
TL0. . . . . . . .  D ADDR   008AH   A   
TL1. . . . . . . .  D ADDR   008BH   A   
TMOD . . . . . . .  D ADDR   0089H   A   
TR0. . . . . . . .  B ADDR   0088H.4 A   
TR1. . . . . . . .  B ADDR   0088H.6 A   


REGISTER BANK(S) USED: 0 


ASSEMBLY COMPLETE.  0 WARNING(S), 0 ERROR(S)
