A51 MACRO ASSEMBLER  SEG1                                                                 12/07/2023 21:58:23 PAGE     1


MACRO ASSEMBLER A51 V8.01
OBJECT MODULE PLACED IN seg1.OBJ
ASSEMBLER INVOKED BY: D:\Keil_c51\C51\BIN\A51.EXE seg1.ASM SET(SMALL) DEBUG EP

LOC  OBJ            LINE     SOURCE

                       1     
  008E                 2             AUXR EQU 8EH
0000                   3             ORG 0000H
0000 020200            4             LJMP MAIN
000B                   5             ORG 000BH
000B 020400            6             LJMP T0_ISR
                       7     
0200                   8             ORG 0200H
0200                   9     MAIN:
0200 759300           10             MOV 93H,#00H  ;p0推挽模式,位选通
0203 7594FF           11             MOV 94H,#0FFH
0206 759100           12             MOV 91H,#00H  ;P1推挽模式，段选通
0209 7592FF           13             MOV 92H,#0FFH
020C 759500           14             MOV 95H,#00H  ;P2推挽模式
020F 7596FF           15             MOV 96H,#0FFH
                      16     
0212                  17     P_INIT:
0212 7A7F             18             MOV R2,#01111111B
0214 75403F           19             MOV 40H,#3FH            ;0
0217 754106           20             MOV 41H,#06H            ;1
021A 75425B           21             MOV 42H,#5BH            ;2
021D 75434F           22             MOV 43H,#4FH            ;3
0220 754466           23             MOV 44H,#66H            ;4
0223 75456D           24             MOV 45H,#6DH            ;5
0226 75467D           25             MOV 46H,#7DH            ;6
0229 754707           26             MOV 47H,#07H            ;7
022C 7940             27             MOV R1,#40H                     ;位选通
022E 7B08             28             MOV R3,#8
                      29     
0230                  30     TIMER0_INIT:                    
0230 538E7F           31             ANL     AUXR,#7FH               ;定时器时钟12T模式
0233 5389F0           32             ANL     TMOD,#0F0H              ;设置定时器模式
                      33     
                      34     
                      35     
                      36     
                      37     
                      38     
                      39             ;1毫秒@11.0592MHz
0236 758A66           40             MOV     TL0,#066H               ;设置定时初始值
0239 758CFC           41             MOV     TH0,#0FCH               ;设置定时初始值
                      42     
023C D2A9             43             SETB ET0          ;定时器中断
023E D2AF             44             SETB EA
0240 D28C             45             SETB TR0          ;定时器0开始计时
0242 C28D             46             CLR TF0
                      47     
0244 80FE             48             SJMP $
                      49             
                      50                     
0400                  51             ORG 0400H
0400                  52     T0_ISR:
                      53             
                      54             
0400 DB07             55             DJNZ R3,SEG
0402 7940             56             MOV R1,#40H                     ;重新位选通
0404 7B08             57             MOV R3,#8
0406 8001             58             SJMP SEG                
A51 MACRO ASSEMBLER  SEG1                                                                 12/07/2023 21:58:23 PAGE     2

0408 32               59             RETI
0409                  60     SEG:
0409 EA               61             MOV A,R2
040A 23               62             RL A                      ;下一位！
040B F580             63             MOV P0,A
040D FA               64             MOV R2,A
                      65     
040E E7               66             MOV A,@R1                ;段选通
040F F590             67             MOV P1,A
0411 09               68             INC R1          
0412 32               69             RETI
                      70             END
                             
A51 MACRO ASSEMBLER  SEG1                                                                 12/07/2023 21:58:23 PAGE     3

SYMBOL TABLE LISTING
------ ----- -------


N A M E             T Y P E  V A L U E   ATTRIBUTES

AUXR . . . . . . .  N NUMB   008EH   A   
EA . . . . . . . .  B ADDR   00A8H.7 A   
ET0. . . . . . . .  B ADDR   00A8H.1 A   
MAIN . . . . . . .  C ADDR   0200H   A   
P0 . . . . . . . .  D ADDR   0080H   A   
P1 . . . . . . . .  D ADDR   0090H   A   
P_INIT . . . . . .  C ADDR   0212H   A   
SEG. . . . . . . .  C ADDR   0409H   A   
T0_ISR . . . . . .  C ADDR   0400H   A   
TF0. . . . . . . .  B ADDR   0088H.5 A   
TH0. . . . . . . .  D ADDR   008CH   A   
TIMER0_INIT. . . .  C ADDR   0230H   A   
TL0. . . . . . . .  D ADDR   008AH   A   
TMOD . . . . . . .  D ADDR   0089H   A   
TR0. . . . . . . .  B ADDR   0088H.4 A   


REGISTER BANK(S) USED: 0 


ASSEMBLY COMPLETE.  0 WARNING(S), 0 ERROR(S)
